===================================================================
Mon Dec 11 17:18:27 2023
+---------+---------+----------+--------+------------------------+
|Op Name  |No.csim  |No.cosim  |Status  |Profile                 |
+---------+---------+----------+--------+------------------------+
|asum     |0        |0         |Failed  |./hw/asum/profile.json  |
+---------+---------+----------+--------+------------------------+
===================================================================
===================================================================
Mon Dec 11 17:20:02 2023
+---------+---------+----------+--------+------------------------+
|Op Name  |No.csim  |No.cosim  |Status  |Profile                 |
+---------+---------+----------+--------+------------------------+
|asum     |0        |0         |Failed  |./hw/asum/profile.json  |
+---------+---------+----------+--------+------------------------+
===================================================================
===================================================================
Tue Dec 12 16:33:30 2023
+---------+---------+----------+--------+------------------------+
|Op Name  |No.csim  |No.cosim  |Status  |Profile                 |
+---------+---------+----------+--------+------------------------+
|gemm     |0        |0         |Failed  |./hw/gemm/profile.json  |
+---------+---------+----------+--------+------------------------+
===================================================================
===================================================================
Tue Dec 12 16:34:06 2023
+---------+---------+----------+--------+------------------------+
|Op Name  |No.csim  |No.cosim  |Status  |Profile                 |
+---------+---------+----------+--------+------------------------+
|gemm     |0        |0         |Failed  |./hw/gemm/profile.json  |
+---------+---------+----------+--------+------------------------+
===================================================================
===================================================================
Tue Dec 12 16:37:25 2023
+---------+---------+----------+--------+------------------------+
|Op Name  |No.csim  |No.cosim  |Status  |Profile                 |
+---------+---------+----------+--------+------------------------+
|gemm     |0        |0         |Failed  |./hw/gemm/profile.json  |
+---------+---------+----------+--------+------------------------+
===================================================================
===================================================================
Tue Dec 12 16:40:24 2023
+---------+---------+----------+--------+------------------------+
|Op Name  |No.csim  |No.cosim  |Status  |Profile                 |
+---------+---------+----------+--------+------------------------+
|gemm     |0        |0         |Failed  |./hw/gemm/profile.json  |
+---------+---------+----------+--------+------------------------+
===================================================================
===================================================================
Tue Dec 12 16:40:55 2023
+---------+---------+----------+--------+------------------------+
|Op Name  |No.csim  |No.cosim  |Status  |Profile                 |
+---------+---------+----------+--------+------------------------+
|gemm     |0        |0         |Failed  |./hw/gemm/profile.json  |
+---------+---------+----------+--------+------------------------+
===================================================================
===================================================================
Tue Dec 12 16:42:44 2023
+---------+---------+----------+--------+------------------------+
|Op Name  |No.csim  |No.cosim  |Status  |Profile                 |
+---------+---------+----------+--------+------------------------+
|gemm     |0        |0         |Failed  |./hw/gemm/profile.json  |
+---------+---------+----------+--------+------------------------+
===================================================================
===================================================================
Tue Dec 12 16:45:12 2023
+---------+---------+----------+--------+------------------------+
|Op Name  |No.csim  |No.cosim  |Status  |Profile                 |
+---------+---------+----------+--------+------------------------+
|gemm     |0        |0         |Failed  |./hw/gemm/profile.json  |
+---------+---------+----------+--------+------------------------+
===================================================================
===================================================================
Tue Dec 12 16:46:28 2023
+---------+---------+----------+--------+------------------------+
|Op Name  |No.csim  |No.cosim  |Status  |Profile                 |
+---------+---------+----------+--------+------------------------+
|gemm     |0        |0         |Failed  |./hw/gemm/profile.json  |
+---------+---------+----------+--------+------------------------+
===================================================================
===================================================================
Tue Dec 12 16:49:08 2023
+---------+---------+----------+--------+------------------------+
|Op Name  |No.csim  |No.cosim  |Status  |Profile                 |
+---------+---------+----------+--------+------------------------+
|gemm     |0        |0         |Failed  |./hw/gemm/profile.json  |
+---------+---------+----------+--------+------------------------+
===================================================================
===================================================================
Tue Dec 12 16:49:51 2023
+---------+---------+----------+--------+------------------------+
|Op Name  |No.csim  |No.cosim  |Status  |Profile                 |
+---------+---------+----------+--------+------------------------+
|gemm     |0        |0         |Failed  |./hw/gemm/profile.json  |
+---------+---------+----------+--------+------------------------+
===================================================================
===================================================================
Tue Dec 12 16:50:23 2023
+---------+---------+----------+--------+------------------------+
|Op Name  |No.csim  |No.cosim  |Status  |Profile                 |
+---------+---------+----------+--------+------------------------+
|gemm     |0        |0         |Failed  |./hw/gemm/profile.json  |
+---------+---------+----------+--------+------------------------+
===================================================================
===================================================================
Tue Dec 12 16:50:51 2023
+---------+---------+----------+--------+------------------------+
|Op Name  |No.csim  |No.cosim  |Status  |Profile                 |
+---------+---------+----------+--------+------------------------+
|gemm     |0        |0         |Failed  |./hw/gemm/profile.json  |
+---------+---------+----------+--------+------------------------+
===================================================================
===================================================================
Tue Dec 12 16:51:11 2023
+---------+---------+----------+--------+------------------------+
|Op Name  |No.csim  |No.cosim  |Status  |Profile                 |
+---------+---------+----------+--------+------------------------+
|gemm     |0        |0         |Failed  |./hw/gemm/profile.json  |
+---------+---------+----------+--------+------------------------+
===================================================================
===================================================================
Tue Dec 12 16:52:55 2023
+---------+---------+----------+--------+------------------------+
|Op Name  |No.csim  |No.cosim  |Status  |Profile                 |
+---------+---------+----------+--------+------------------------+
|gemm     |0        |0         |Failed  |./hw/gemm/profile.json  |
+---------+---------+----------+--------+------------------------+
===================================================================
===================================================================
Tue Dec 12 16:59:25 2023
+---------+---------+----------+--------+------------------------+
|Op Name  |No.csim  |No.cosim  |Status  |Profile                 |
+---------+---------+----------+--------+------------------------+
|gemm     |0        |0         |Failed  |./hw/gemm/profile.json  |
+---------+---------+----------+--------+------------------------+
===================================================================
===================================================================
Tue Dec 12 17:01:16 2023
+---------+---------+----------+--------+------------------------+
|Op Name  |No.csim  |No.cosim  |Status  |Profile                 |
+---------+---------+----------+--------+------------------------+
|gemm     |0        |0         |Failed  |./hw/gemm/profile.json  |
+---------+---------+----------+--------+------------------------+
===================================================================
===================================================================
Tue Dec 12 17:03:33 2023
+---------+---------+----------+--------+------------------------+
|Op Name  |No.csim  |No.cosim  |Status  |Profile                 |
+---------+---------+----------+--------+------------------------+
|gemm     |0        |0         |Failed  |./hw/gemm/profile.json  |
+---------+---------+----------+--------+------------------------+
===================================================================
===================================================================
Tue Dec 12 17:10:00 2023
+---------+---------+----------+--------+------------------------+
|Op Name  |No.csim  |No.cosim  |Status  |Profile                 |
+---------+---------+----------+--------+------------------------+
|gemm     |0        |0         |Failed  |./hw/gemm/profile.json  |
+---------+---------+----------+--------+------------------------+
===================================================================
===================================================================
Tue Dec 12 17:13:07 2023
+---------+---------+----------+--------+------------------------+
|Op Name  |No.csim  |No.cosim  |Status  |Profile                 |
+---------+---------+----------+--------+------------------------+
|gemm     |0        |0         |Failed  |./hw/gemm/profile.json  |
+---------+---------+----------+--------+------------------------+
===================================================================
===================================================================
Tue Dec 12 19:03:34 2023
+---------+---------+----------+--------+------------------------+
|Op Name  |No.csim  |No.cosim  |Status  |Profile                 |
+---------+---------+----------+--------+------------------------+
|gemm     |0        |0         |Failed  |./hw/gemm/profile.json  |
+---------+---------+----------+--------+------------------------+
===================================================================
===================================================================
Tue Dec 12 19:06:45 2023
+---------+---------+----------+--------+------------------------+
|Op Name  |No.csim  |No.cosim  |Status  |Profile                 |
+---------+---------+----------+--------+------------------------+
|gemm     |0        |0         |Failed  |./hw/gemm/profile.json  |
+---------+---------+----------+--------+------------------------+
===================================================================
===================================================================
Tue Dec 12 19:09:50 2023
+---------+---------+----------+--------+------------------------+
|Op Name  |No.csim  |No.cosim  |Status  |Profile                 |
+---------+---------+----------+--------+------------------------+
|gemm     |0        |0         |Failed  |./hw/gemm/profile.json  |
+---------+---------+----------+--------+------------------------+
===================================================================
===================================================================
Tue Dec 12 19:13:36 2023
+---------+---------+----------+--------+------------------------+
|Op Name  |No.csim  |No.cosim  |Status  |Profile                 |
+---------+---------+----------+--------+------------------------+
|gemm     |0        |0         |Failed  |./hw/gemm/profile.json  |
+---------+---------+----------+--------+------------------------+
===================================================================
===================================================================
Tue Dec 12 19:47:29 2023
+---------+---------+----------+--------+------------------------+
|Op Name  |No.csim  |No.cosim  |Status  |Profile                 |
+---------+---------+----------+--------+------------------------+
|gemm     |0        |0         |Failed  |./hw/gemm/profile.json  |
+---------+---------+----------+--------+------------------------+
===================================================================
===================================================================
Tue Dec 12 19:51:55 2023
+---------+---------+----------+--------+------------------------+
|Op Name  |No.csim  |No.cosim  |Status  |Profile                 |
+---------+---------+----------+--------+------------------------+
|gemm     |0        |0         |Failed  |./hw/gemm/profile.json  |
+---------+---------+----------+--------+------------------------+
===================================================================
===================================================================
Tue Dec 12 19:55:45 2023
+---------+---------+----------+--------+------------------------+
|Op Name  |No.csim  |No.cosim  |Status  |Profile                 |
+---------+---------+----------+--------+------------------------+
|gemm     |0        |0         |Failed  |./hw/gemm/profile.json  |
+---------+---------+----------+--------+------------------------+
===================================================================
===================================================================
Tue Dec 12 19:59:55 2023
+---------+---------+----------+--------+------------------------+
|Op Name  |No.csim  |No.cosim  |Status  |Profile                 |
+---------+---------+----------+--------+------------------------+
|gemm     |0        |0         |Failed  |./hw/gemm/profile.json  |
+---------+---------+----------+--------+------------------------+
===================================================================
===================================================================
Tue Dec 12 20:04:20 2023
+---------+---------+----------+--------+------------------------+
|Op Name  |No.csim  |No.cosim  |Status  |Profile                 |
+---------+---------+----------+--------+------------------------+
|gemm     |0        |0         |Failed  |./hw/gemm/profile.json  |
+---------+---------+----------+--------+------------------------+
===================================================================
===================================================================
Tue Dec 12 20:08:24 2023
+---------+---------+----------+--------+------------------------+
|Op Name  |No.csim  |No.cosim  |Status  |Profile                 |
+---------+---------+----------+--------+------------------------+
|gemm     |0        |0         |Failed  |./hw/gemm/profile.json  |
+---------+---------+----------+--------+------------------------+
===================================================================
===================================================================
Tue Dec 12 20:17:00 2023
+---------+---------+----------+--------+------------------------+
|Op Name  |No.csim  |No.cosim  |Status  |Profile                 |
+---------+---------+----------+--------+------------------------+
|gemm     |0        |0         |Failed  |./hw/gemm/profile.json  |
+---------+---------+----------+--------+------------------------+
===================================================================
===================================================================
Tue Dec 12 20:19:09 2023
+---------+---------+----------+--------+------------------------+
|Op Name  |No.csim  |No.cosim  |Status  |Profile                 |
+---------+---------+----------+--------+------------------------+
|gemm     |0        |0         |Failed  |./hw/gemm/profile.json  |
+---------+---------+----------+--------+------------------------+
===================================================================
===================================================================
Wed Dec 13 10:45:19 2023
+---------+---------+----------+--------+------------------------+
|Op Name  |No.csim  |No.cosim  |Status  |Profile                 |
+---------+---------+----------+--------+------------------------+
|gemm     |0        |0         |Failed  |./hw/gemm/profile.json  |
+---------+---------+----------+--------+------------------------+
===================================================================
===================================================================
Wed Dec 13 10:53:46 2023
+---------+---------+----------+--------+------------------------+
|Op Name  |No.csim  |No.cosim  |Status  |Profile                 |
+---------+---------+----------+--------+------------------------+
|gemm     |0        |0         |Failed  |./hw/gemm/profile.json  |
+---------+---------+----------+--------+------------------------+
===================================================================
===================================================================
Wed Dec 13 11:02:33 2023
+---------+---------+----------+--------+------------------------+
|Op Name  |No.csim  |No.cosim  |Status  |Profile                 |
+---------+---------+----------+--------+------------------------+
|gemm     |0        |0         |Failed  |./hw/gemm/profile.json  |
+---------+---------+----------+--------+------------------------+
===================================================================
===================================================================
Wed Dec 13 11:27:36 2023
+---------+---------+----------+--------+------------------------+
|Op Name  |No.csim  |No.cosim  |Status  |Profile                 |
+---------+---------+----------+--------+------------------------+
|gemm     |0        |0         |Failed  |./hw/gemm/profile.json  |
+---------+---------+----------+--------+------------------------+
===================================================================
===================================================================
Wed Dec 13 12:03:02 2023
+---------+---------+----------+--------+------------------------+
|Op Name  |No.csim  |No.cosim  |Status  |Profile                 |
+---------+---------+----------+--------+------------------------+
|gemm     |0        |0         |Failed  |./hw/gemm/profile.json  |
+---------+---------+----------+--------+------------------------+
===================================================================
===================================================================
Wed Dec 13 12:12:06 2023
+---------+---------+----------+--------+------------------------+
|Op Name  |No.csim  |No.cosim  |Status  |Profile                 |
+---------+---------+----------+--------+------------------------+
|gemm     |0        |0         |Failed  |./hw/gemm/profile.json  |
+---------+---------+----------+--------+------------------------+
===================================================================
===================================================================
Wed Dec 13 12:16:38 2023
+---------+---------+----------+--------+------------------------+
|Op Name  |No.csim  |No.cosim  |Status  |Profile                 |
+---------+---------+----------+--------+------------------------+
|gemm     |0        |0         |Failed  |./hw/gemm/profile.json  |
+---------+---------+----------+--------+------------------------+
===================================================================
===================================================================
Wed Dec 13 12:59:45 2023
+---------+---------+----------+--------+------------------------+
|Op Name  |No.csim  |No.cosim  |Status  |Profile                 |
+---------+---------+----------+--------+------------------------+
|gemm     |0        |0         |Failed  |./hw/gemm/profile.json  |
+---------+---------+----------+--------+------------------------+
===================================================================
===================================================================
Wed Dec 13 13:00:24 2023
+---------+---------+----------+--------+------------------------+
|Op Name  |No.csim  |No.cosim  |Status  |Profile                 |
+---------+---------+----------+--------+------------------------+
|gemm     |0        |0         |Failed  |./hw/gemm/profile.json  |
+---------+---------+----------+--------+------------------------+
===================================================================
===================================================================
Wed Dec 13 13:04:07 2023
+---------+---------+----------+--------+------------------------+
|Op Name  |No.csim  |No.cosim  |Status  |Profile                 |
+---------+---------+----------+--------+------------------------+
|gemm     |0        |2         |Failed  |./hw/gemm/profile.json  |
+---------+---------+----------+--------+------------------------+
===================================================================
===================================================================
Wed Dec 13 13:33:05 2023
+---------+---------+----------+--------+------------------------+
|Op Name  |No.csim  |No.cosim  |Status  |Profile                 |
+---------+---------+----------+--------+------------------------+
|gemm     |0        |0         |Failed  |./hw/gemm/profile.json  |
+---------+---------+----------+--------+------------------------+
===================================================================
===================================================================
Wed Dec 13 13:37:44 2023
+---------+---------+----------+--------+------------------------+
|Op Name  |No.csim  |No.cosim  |Status  |Profile                 |
+---------+---------+----------+--------+------------------------+
|gemm     |0        |2         |Failed  |./hw/gemm/profile.json  |
+---------+---------+----------+--------+------------------------+
===================================================================
===================================================================
Wed Dec 13 14:14:52 2023
+---------+---------+----------+--------+------------------------+
|Op Name  |No.csim  |No.cosim  |Status  |Profile                 |
+---------+---------+----------+--------+------------------------+
|gemm     |0        |0         |Failed  |./hw/gemm/profile.json  |
+---------+---------+----------+--------+------------------------+
===================================================================
===================================================================
Wed Dec 13 14:15:10 2023
+---------+---------+----------+--------+------------------------+
|Op Name  |No.csim  |No.cosim  |Status  |Profile                 |
+---------+---------+----------+--------+------------------------+
|gemm     |0        |0         |Failed  |./hw/gemm/profile.json  |
+---------+---------+----------+--------+------------------------+
===================================================================
===================================================================
Wed Dec 13 14:18:29 2023
+---------+---------+----------+--------+------------------------+
|Op Name  |No.csim  |No.cosim  |Status  |Profile                 |
+---------+---------+----------+--------+------------------------+
|gemm     |0        |2         |Failed  |./hw/gemm/profile.json  |
+---------+---------+----------+--------+------------------------+
===================================================================
===================================================================
Wed Dec 13 14:20:33 2023
+---------+---------+----------+--------+------------------------+
|Op Name  |No.csim  |No.cosim  |Status  |Profile                 |
+---------+---------+----------+--------+------------------------+
|gemm     |0        |0         |Failed  |./hw/gemm/profile.json  |
+---------+---------+----------+--------+------------------------+
===================================================================
===================================================================
Wed Dec 13 14:20:51 2023
+---------+---------+----------+--------+------------------------+
|Op Name  |No.csim  |No.cosim  |Status  |Profile                 |
+---------+---------+----------+--------+------------------------+
|gemm     |1        |0         |Passed  |./hw/gemm/profile.json  |
+---------+---------+----------+--------+------------------------+
===================================================================
===================================================================
Wed Dec 13 14:22:43 2023
+---------+---------+----------+--------+------------------------+
|Op Name  |No.csim  |No.cosim  |Status  |Profile                 |
+---------+---------+----------+--------+------------------------+
|gemm     |0        |0         |Failed  |./hw/gemm/profile.json  |
+---------+---------+----------+--------+------------------------+
===================================================================
===================================================================
Wed Dec 13 14:24:01 2023
+---------+---------+----------+--------+------------------------+
|Op Name  |No.csim  |No.cosim  |Status  |Profile                 |
+---------+---------+----------+--------+------------------------+
|gemm     |1        |0         |Passed  |./hw/gemm/profile.json  |
+---------+---------+----------+--------+------------------------+
===================================================================
===================================================================
Wed Dec 13 14:24:24 2023
+---------+---------+----------+--------+------------------------+
|Op Name  |No.csim  |No.cosim  |Status  |Profile                 |
+---------+---------+----------+--------+------------------------+
|gemm     |0        |0         |Failed  |./hw/gemm/profile.json  |
+---------+---------+----------+--------+------------------------+
===================================================================
===================================================================
Wed Dec 13 14:42:02 2023
+---------+---------+----------+--------+------------------------+
|Op Name  |No.csim  |No.cosim  |Status  |Profile                 |
+---------+---------+----------+--------+------------------------+
|gemm     |1        |0         |Passed  |./hw/gemm/profile.json  |
+---------+---------+----------+--------+------------------------+
===================================================================
===================================================================
Wed Dec 13 14:53:40 2023
+---------+---------+----------+--------+------------------------+
|Op Name  |No.csim  |No.cosim  |Status  |Profile                 |
+---------+---------+----------+--------+------------------------+
|gemm     |1        |0         |Passed  |./hw/gemm/profile.json  |
+---------+---------+----------+--------+------------------------+
===================================================================
===================================================================
Wed Dec 13 14:54:27 2023
+---------+---------+----------+--------+------------------------+
|Op Name  |No.csim  |No.cosim  |Status  |Profile                 |
+---------+---------+----------+--------+------------------------+
|gemm     |1        |0         |Passed  |./hw/gemm/profile.json  |
+---------+---------+----------+--------+------------------------+
===================================================================
===================================================================
Wed Dec 13 14:56:30 2023
+---------+---------+----------+--------+------------------------+
|Op Name  |No.csim  |No.cosim  |Status  |Profile                 |
+---------+---------+----------+--------+------------------------+
|gemm     |0        |1         |Passed  |./hw/gemm/profile.json  |
+---------+---------+----------+--------+------------------------+
===================================================================
===================================================================
Wed Dec 13 15:04:03 2023
+---------+---------+----------+--------+------------------------+
|Op Name  |No.csim  |No.cosim  |Status  |Profile                 |
+---------+---------+----------+--------+------------------------+
|gemm     |1        |0         |Passed  |./hw/gemm/profile.json  |
+---------+---------+----------+--------+------------------------+
===================================================================
===================================================================
Wed Dec 13 15:08:15 2023
+---------+---------+----------+--------+------------------------+
|Op Name  |No.csim  |No.cosim  |Status  |Profile                 |
+---------+---------+----------+--------+------------------------+
|gemm     |0        |1         |Passed  |./hw/gemm/profile.json  |
+---------+---------+----------+--------+------------------------+
===================================================================
===================================================================
Wed Dec 13 15:09:13 2023
+---------+---------+----------+--------+------------------------+
|Op Name  |No.csim  |No.cosim  |Status  |Profile                 |
+---------+---------+----------+--------+------------------------+
|gemm     |0        |0         |Failed  |./hw/gemm/profile.json  |
+---------+---------+----------+--------+------------------------+
===================================================================
===================================================================
Wed Dec 13 15:11:55 2023
+---------+---------+----------+--------+------------------------+
|Op Name  |No.csim  |No.cosim  |Status  |Profile                 |
+---------+---------+----------+--------+------------------------+
|gemm     |0        |1         |Passed  |./hw/gemm/profile.json  |
+---------+---------+----------+--------+------------------------+
===================================================================
===================================================================
Wed Dec 13 15:45:47 2023
+---------+---------+----------+--------+------------------------+
|Op Name  |No.csim  |No.cosim  |Status  |Profile                 |
+---------+---------+----------+--------+------------------------+
|gemm     |0        |1         |Passed  |./hw/gemm/profile.json  |
+---------+---------+----------+--------+------------------------+
===================================================================
===================================================================
Wed Dec 13 15:56:57 2023
+---------+---------+----------+--------+------------------------+
|Op Name  |No.csim  |No.cosim  |Status  |Profile                 |
+---------+---------+----------+--------+------------------------+
|gemm     |0        |1         |Passed  |./hw/gemm/profile.json  |
+---------+---------+----------+--------+------------------------+
===================================================================
===================================================================
Wed Dec 13 16:13:35 2023
+---------+---------+----------+--------+------------------------+
|Op Name  |No.csim  |No.cosim  |Status  |Profile                 |
+---------+---------+----------+--------+------------------------+
|gemm     |0        |1         |Passed  |./hw/gemm/profile.json  |
+---------+---------+----------+--------+------------------------+
===================================================================
===================================================================
Wed Dec 13 16:20:27 2023
+---------+---------+----------+--------+------------------------+
|Op Name  |No.csim  |No.cosim  |Status  |Profile                 |
+---------+---------+----------+--------+------------------------+
|gemm     |0        |1         |Passed  |./hw/gemm/profile.json  |
+---------+---------+----------+--------+------------------------+
===================================================================
===================================================================
Wed Dec 13 16:39:25 2023
+---------+---------+----------+--------+------------------------+
|Op Name  |No.csim  |No.cosim  |Status  |Profile                 |
+---------+---------+----------+--------+------------------------+
|gemm     |0        |0         |Failed  |./hw/gemm/profile.json  |
+---------+---------+----------+--------+------------------------+
===================================================================
===================================================================
Wed Dec 13 16:43:21 2023
+---------+---------+----------+--------+------------------------+
|Op Name  |No.csim  |No.cosim  |Status  |Profile                 |
+---------+---------+----------+--------+------------------------+
|gemm     |0        |0         |Failed  |./hw/gemm/profile.json  |
+---------+---------+----------+--------+------------------------+
===================================================================
===================================================================
Wed Dec 13 16:46:37 2023
+---------+---------+----------+--------+------------------------+
|Op Name  |No.csim  |No.cosim  |Status  |Profile                 |
+---------+---------+----------+--------+------------------------+
|gemm     |0        |1         |Passed  |./hw/gemm/profile.json  |
+---------+---------+----------+--------+------------------------+
===================================================================
===================================================================
Wed Dec 13 16:59:00 2023
+---------+---------+----------+--------+------------------------+
|Op Name  |No.csim  |No.cosim  |Status  |Profile                 |
+---------+---------+----------+--------+------------------------+
|gemm     |0        |1         |Passed  |./hw/gemm/profile.json  |
+---------+---------+----------+--------+------------------------+
===================================================================
===================================================================
Wed Dec 13 18:28:55 2023
+---------+---------+----------+--------+------------------------+
|Op Name  |No.csim  |No.cosim  |Status  |Profile                 |
+---------+---------+----------+--------+------------------------+
|gemm     |0        |1         |Passed  |./hw/gemm/profile.json  |
+---------+---------+----------+--------+------------------------+
===================================================================
===================================================================
Thu Dec 14 11:31:23 2023
+---------+---------+----------+--------+------------------------+
|Op Name  |No.csim  |No.cosim  |Status  |Profile                 |
+---------+---------+----------+--------+------------------------+
|gemm     |0        |1         |Passed  |./hw/gemm/profile.json  |
+---------+---------+----------+--------+------------------------+
===================================================================
===================================================================
Wed Dec 20 13:47:19 2023
+---------+---------+----------+--------+------------------------+
|Op Name  |No.csim  |No.cosim  |Status  |Profile                 |
+---------+---------+----------+--------+------------------------+
|gemm     |0        |1         |Passed  |./hw/gemm/profile.json  |
+---------+---------+----------+--------+------------------------+
===================================================================
===================================================================
Wed Dec 20 14:00:29 2023
+---------+---------+----------+--------+------------------------+
|Op Name  |No.csim  |No.cosim  |Status  |Profile                 |
+---------+---------+----------+--------+------------------------+
|gemm     |0        |1         |Passed  |./hw/gemm/profile.json  |
+---------+---------+----------+--------+------------------------+
===================================================================
